// Jest Snapshot v1, https://goo.gl/fbAQLP

exports[`FlatList renders correctly 1`] = `
<RCTScrollView
  data={
    [
      1,
      2,
    ]
  }
  getItem={[Function]}
  getItemCount={[Function]}
  keyExtractor={[Function]}
  onContentSizeChange={[Function]}
  onLayout={[Function]}
  onMomentumScrollBegin={[Function]}
  onMomentumScrollEnd={[Function]}
  onScroll={[Function]}
  onScrollBeginDrag={[Function]}
  onScrollEndDrag={[Function]}
  removeClippedSubviews={false}
  renderItem={[Function]}
  scrollEventThrottle={50}
  stickyHeaderIndices={[]}
  testID="flatList"
  viewabilityConfigCallbackPairs={[]}
>
  <View>
    <View
      onFocusCapture={[Function]}
      onLayout={[Function]}
      style={null}
    >
      <Text>
        1
      </Text>
    </View>
    <View
      onFocusCapture={[Function]}
      onLayout={[Function]}
      style={null}
    >
      <Text>
        2
      </Text>
    </View>
  </View>
</RCTScrollView>
`;
